     0,                  Time [s],                            Time [s]
     1,            delta GENROU 1,                   $\delta$ GENROU 1
     2,            delta GENROU 2,                   $\delta$ GENROU 2
     3,            delta GENROU 3,                   $\delta$ GENROU 3
     4,            delta GENROU 4,                   $\delta$ GENROU 4
     5,            delta GENROU 5,                   $\delta$ GENROU 5
     6,            omega GENROU 1,                   $\omega$ GENROU 1
     7,            omega GENROU 2,                   $\omega$ GENROU 2
     8,            omega GENROU 3,                   $\omega$ GENROU 3
     9,            omega GENROU 4,                   $\omega$ GENROU 4
    10,            omega GENROU 5,                   $\omega$ GENROU 5
    11,              e1q GENROU 1,                   ${e'_q}$ GENROU 1
    12,              e1q GENROU 2,                   ${e'_q}$ GENROU 2
    13,              e1q GENROU 3,                   ${e'_q}$ GENROU 3
    14,              e1q GENROU 4,                   ${e'_q}$ GENROU 4
    15,              e1q GENROU 5,                   ${e'_q}$ GENROU 5
    16,              e1d GENROU 1,                   ${e'_d}$ GENROU 1
    17,              e1d GENROU 2,                   ${e'_d}$ GENROU 2
    18,              e1d GENROU 3,                   ${e'_d}$ GENROU 3
    19,              e1d GENROU 4,                   ${e'_d}$ GENROU 4
    20,              e1d GENROU 5,                   ${e'_d}$ GENROU 5
    21,              e2d GENROU 1,                  ${e''_d}$ GENROU 1
    22,              e2d GENROU 2,                  ${e''_d}$ GENROU 2
    23,              e2d GENROU 3,                  ${e''_d}$ GENROU 3
    24,              e2d GENROU 4,                  ${e''_d}$ GENROU 4
    25,              e2d GENROU 5,                  ${e''_d}$ GENROU 5
    26,              e2q GENROU 1,                  ${e''_q}$ GENROU 1
    27,              e2q GENROU 2,                  ${e''_q}$ GENROU 2
    28,              e2q GENROU 3,                  ${e''_q}$ GENROU 3
    29,              e2q GENROU 4,                  ${e''_q}$ GENROU 4
    30,              e2q GENROU 5,                  ${e''_q}$ GENROU 5
    31,             LAG_y TGOV1 1,                   $y_{LAG}$ TGOV1 1
    32,             LAG_y TGOV1 2,                   $y_{LAG}$ TGOV1 2
    33,             LAG_y TGOV1 3,                   $y_{LAG}$ TGOV1 3
    34,              LL_x TGOV1 1,                   $x'_{LL}$ TGOV1 1
    35,              LL_x TGOV1 2,                   $x'_{LL}$ TGOV1 2
    36,              LL_x TGOV1 3,                   $x'_{LL}$ TGOV1 3
    37,             LL_x IEEEG1 4,                  $x'_{LL}$ IEEEG1 4
    38,             LL_x IEEEG1 5,                  $x'_{LL}$ IEEEG1 5
    39,            IAW_y IEEEG1 4,                  $y_{IAW}$ IEEEG1 4
    40,            IAW_y IEEEG1 5,                  $y_{IAW}$ IEEEG1 5
    41,             L4_y IEEEG1 4,                   $y_{L4}$ IEEEG1 4
    42,             L4_y IEEEG1 5,                   $y_{L4}$ IEEEG1 5
    43,             L5_y IEEEG1 4,                   $y_{L5}$ IEEEG1 4
    44,             L5_y IEEEG1 5,                   $y_{L5}$ IEEEG1 5
    45,             L6_y IEEEG1 4,                   $y_{L6}$ IEEEG1 4
    46,             L6_y IEEEG1 5,                   $y_{L6}$ IEEEG1 5
    47,             L7_y IEEEG1 4,                   $y_{L7}$ IEEEG1 4
    48,             L7_y IEEEG1 5,                   $y_{L7}$ IEEEG1 5
    49,              LG_y EXST1 1,                    $y_{LG}$ EXST1 1
    50,              LL_x EXST1 1,                   $x'_{LL}$ EXST1 1
    51,              LR_y EXST1 1,                    $y_{LR}$ EXST1 1
    52,              WF_x EXST1 1,                   $x'_{WF}$ EXST1 1
    53,             LG_y ESST3A 2,                   $y_{LG}$ ESST3A 2
    54,             LG_y ESST3A 3,                   $y_{LG}$ ESST3A 3
    55,             LG_y ESST3A 4,                   $y_{LG}$ ESST3A 4
    56,             LG_y ESST3A 5,                   $y_{LG}$ ESST3A 5
    57,             LL_x ESST3A 2,                  $x'_{LL}$ ESST3A 2
    58,             LL_x ESST3A 3,                  $x'_{LL}$ ESST3A 3
    59,             LL_x ESST3A 4,                  $x'_{LL}$ ESST3A 4
    60,             LL_x ESST3A 5,                  $x'_{LL}$ ESST3A 5
    61,           LAW1_y ESST3A 2,                 $y_{LAW1}$ ESST3A 2
    62,           LAW1_y ESST3A 3,                 $y_{LAW1}$ ESST3A 3
    63,           LAW1_y ESST3A 4,                 $y_{LAW1}$ ESST3A 4
    64,           LAW1_y ESST3A 5,                 $y_{LAW1}$ ESST3A 5
    65,           LAW2_y ESST3A 2,                 $y_{LAW2}$ ESST3A 2
    66,           LAW2_y ESST3A 3,                 $y_{LAW2}$ ESST3A 3
    67,           LAW2_y ESST3A 4,                 $y_{LAW2}$ ESST3A 4
    68,           LAW2_y ESST3A 5,                 $y_{LAW2}$ ESST3A 5
    69,             F1_x IEEEST 1,                  $x'_{F1}$ IEEEST 1
    70,             F1_y IEEEST 1,                   $y_{F1}$ IEEEST 1
    71,            F2_x1 IEEEST 1,                  $x'_{F2}$ IEEEST 1
    72,            F2_x2 IEEEST 1,                 $x''_{F2}$ IEEEST 1
    73,            LL1_x IEEEST 1,                 $x'_{LL1}$ IEEEST 1
    74,            LL2_x IEEEST 1,                 $x'_{LL2}$ IEEEST 1
    75,             WO_x IEEEST 1,                  $x'_{WO}$ IEEEST 1
    76,             L1_y ST2CUT 2,                   $y_{L1}$ ST2CUT 2
    77,             L1_y ST2CUT 3,                   $y_{L1}$ ST2CUT 3
    78,             L2_y ST2CUT 2,                   $y_{L2}$ ST2CUT 2
    79,             L2_y ST2CUT 3,                   $y_{L2}$ ST2CUT 3
    80,             WO_x ST2CUT 2,                  $x'_{WO}$ ST2CUT 2
    81,             WO_x ST2CUT 3,                  $x'_{WO}$ ST2CUT 3
    82,            LL1_x ST2CUT 2,                 $x'_{LL1}$ ST2CUT 2
    83,            LL1_x ST2CUT 3,                 $x'_{LL1}$ ST2CUT 3
    84,            LL2_x ST2CUT 2,                 $x'_{LL2}$ ST2CUT 2
    85,            LL2_x ST2CUT 3,                 $x'_{LL2}$ ST2CUT 3
    86,            LL3_x ST2CUT 2,                 $x'_{LL3}$ ST2CUT 2
    87,            LL3_x ST2CUT 3,                 $x'_{LL3}$ ST2CUT 3
    88,             L_y BusFreq 1,                   $y_{L}$ BusFreq 1
    89,             L_y BusFreq 2,                   $y_{L}$ BusFreq 2
    90,             L_y BusFreq 3,                   $y_{L}$ BusFreq 3
    91,            WO_x BusFreq 1,                 $x'_{WO}$ BusFreq 1
    92,            WO_x BusFreq 2,                 $x'_{WO}$ BusFreq 2
    93,            WO_x BusFreq 3,                 $x'_{WO}$ BusFreq 3
    94,                   a Bus 1,                      $\theta$ Bus 1
    95,                   a Bus 2,                      $\theta$ Bus 2
    96,                   a Bus 3,                      $\theta$ Bus 3
    97,                   a Bus 4,                      $\theta$ Bus 4
    98,                   a Bus 5,                      $\theta$ Bus 5
    99,                   a Bus 6,                      $\theta$ Bus 6
   100,                   a Bus 7,                      $\theta$ Bus 7
   101,                   a Bus 8,                      $\theta$ Bus 8
   102,                   a Bus 9,                      $\theta$ Bus 9
   103,                  a Bus 10,                     $\theta$ Bus 10
   104,                  a Bus 11,                     $\theta$ Bus 11
   105,                  a Bus 12,                     $\theta$ Bus 12
   106,                  a Bus 13,                     $\theta$ Bus 13
   107,                  a Bus 14,                     $\theta$ Bus 14
   108,                   v Bus 1,                           $V$ Bus 1
   109,                   v Bus 2,                           $V$ Bus 2
   110,                   v Bus 3,                           $V$ Bus 3
   111,                   v Bus 4,                           $V$ Bus 4
   112,                   v Bus 5,                           $V$ Bus 5
   113,                   v Bus 6,                           $V$ Bus 6
   114,                   v Bus 7,                           $V$ Bus 7
   115,                   v Bus 8,                           $V$ Bus 8
   116,                   v Bus 9,                           $V$ Bus 9
   117,                  v Bus 10,                          $V$ Bus 10
   118,                  v Bus 11,                          $V$ Bus 11
   119,                  v Bus 12,                          $V$ Bus 12
   120,                  v Bus 13,                          $V$ Bus 13
   121,                  v Bus 14,                          $V$ Bus 14
   122,                    q PV 2,                            $q$ PV 2
   123,                    q PV 3,                            $q$ PV 3
   124,                    q PV 4,                            $q$ PV 4
   125,                    q PV 5,                            $q$ PV 5
   126,                 q Slack 1,                         $q$ Slack 1
   127,                 p Slack 1,                         $p$ Slack 1
   128,               Id GENROU 1,                      $I_d$ GENROU 1
   129,               Id GENROU 2,                      $I_d$ GENROU 2
   130,               Id GENROU 3,                      $I_d$ GENROU 3
   131,               Id GENROU 4,                      $I_d$ GENROU 4
   132,               Id GENROU 5,                      $I_d$ GENROU 5
   133,               Iq GENROU 1,                      $I_q$ GENROU 1
   134,               Iq GENROU 2,                      $I_q$ GENROU 2
   135,               Iq GENROU 3,                      $I_q$ GENROU 3
   136,               Iq GENROU 4,                      $I_q$ GENROU 4
   137,               Iq GENROU 5,                      $I_q$ GENROU 5
   138,               vd GENROU 1,                      $V_d$ GENROU 1
   139,               vd GENROU 2,                      $V_d$ GENROU 2
   140,               vd GENROU 3,                      $V_d$ GENROU 3
   141,               vd GENROU 4,                      $V_d$ GENROU 4
   142,               vd GENROU 5,                      $V_d$ GENROU 5
   143,               vq GENROU 1,                      $V_q$ GENROU 1
   144,               vq GENROU 2,                      $V_q$ GENROU 2
   145,               vq GENROU 3,                      $V_q$ GENROU 3
   146,               vq GENROU 4,                      $V_q$ GENROU 4
   147,               vq GENROU 5,                      $V_q$ GENROU 5
   148,               tm GENROU 1,                   $\tau_m$ GENROU 1
   149,               tm GENROU 2,                   $\tau_m$ GENROU 2
   150,               tm GENROU 3,                   $\tau_m$ GENROU 3
   151,               tm GENROU 4,                   $\tau_m$ GENROU 4
   152,               tm GENROU 5,                   $\tau_m$ GENROU 5
   153,               te GENROU 1,                   $\tau_e$ GENROU 1
   154,               te GENROU 2,                   $\tau_e$ GENROU 2
   155,               te GENROU 3,                   $\tau_e$ GENROU 3
   156,               te GENROU 4,                   $\tau_e$ GENROU 4
   157,               te GENROU 5,                   $\tau_e$ GENROU 5
   158,               vf GENROU 1,                      $v_f$ GENROU 1
   159,               vf GENROU 2,                      $v_f$ GENROU 2
   160,               vf GENROU 3,                      $v_f$ GENROU 3
   161,               vf GENROU 4,                      $v_f$ GENROU 4
   162,               vf GENROU 5,                      $v_f$ GENROU 5
   163,           XadIfd GENROU 1,             $X_{ad}I_{fd}$ GENROU 1
   164,           XadIfd GENROU 2,             $X_{ad}I_{fd}$ GENROU 2
   165,           XadIfd GENROU 3,             $X_{ad}I_{fd}$ GENROU 3
   166,           XadIfd GENROU 4,             $X_{ad}I_{fd}$ GENROU 4
   167,           XadIfd GENROU 5,             $X_{ad}I_{fd}$ GENROU 5
   168,               Pe GENROU 1,                      $P_e$ GENROU 1
   169,               Pe GENROU 2,                      $P_e$ GENROU 2
   170,               Pe GENROU 3,                      $P_e$ GENROU 3
   171,               Pe GENROU 4,                      $P_e$ GENROU 4
   172,               Pe GENROU 5,                      $P_e$ GENROU 5
   173,               Qe GENROU 1,                      $Q_e$ GENROU 1
   174,               Qe GENROU 2,                      $Q_e$ GENROU 2
   175,               Qe GENROU 3,                      $Q_e$ GENROU 3
   176,               Qe GENROU 4,                      $Q_e$ GENROU 4
   177,               Qe GENROU 5,                      $Q_e$ GENROU 5
   178,             psid GENROU 1,                   $\psi_d$ GENROU 1
   179,             psid GENROU 2,                   $\psi_d$ GENROU 2
   180,             psid GENROU 3,                   $\psi_d$ GENROU 3
   181,             psid GENROU 4,                   $\psi_d$ GENROU 4
   182,             psid GENROU 5,                   $\psi_d$ GENROU 5
   183,             psiq GENROU 1,                   $\psi_q$ GENROU 1
   184,             psiq GENROU 2,                   $\psi_q$ GENROU 2
   185,             psiq GENROU 3,                   $\psi_q$ GENROU 3
   186,             psiq GENROU 4,                   $\psi_q$ GENROU 4
   187,             psiq GENROU 5,                   $\psi_q$ GENROU 5
   188,            psi2q GENROU 1,                $\psi_{aq}$ GENROU 1
   189,            psi2q GENROU 2,                $\psi_{aq}$ GENROU 2
   190,            psi2q GENROU 3,                $\psi_{aq}$ GENROU 3
   191,            psi2q GENROU 4,                $\psi_{aq}$ GENROU 4
   192,            psi2q GENROU 5,                $\psi_{aq}$ GENROU 5
   193,            psi2d GENROU 1,                $\psi_{ad}$ GENROU 1
   194,            psi2d GENROU 2,                $\psi_{ad}$ GENROU 2
   195,            psi2d GENROU 3,                $\psi_{ad}$ GENROU 3
   196,            psi2d GENROU 4,                $\psi_{ad}$ GENROU 4
   197,            psi2d GENROU 5,                $\psi_{ad}$ GENROU 5
   198,             psi2 GENROU 1,                   $\psi_a$ GENROU 1
   199,             psi2 GENROU 2,                   $\psi_a$ GENROU 2
   200,             psi2 GENROU 3,                   $\psi_a$ GENROU 3
   201,             psi2 GENROU 4,                   $\psi_a$ GENROU 4
   202,             psi2 GENROU 5,                   $\psi_a$ GENROU 5
   203,               Se GENROU 1,          $S_e(|\psi_{a}|)$ GENROU 1
   204,               Se GENROU 2,          $S_e(|\psi_{a}|)$ GENROU 2
   205,               Se GENROU 3,          $S_e(|\psi_{a}|)$ GENROU 3
   206,               Se GENROU 4,          $S_e(|\psi_{a}|)$ GENROU 4
   207,               Se GENROU 5,          $S_e(|\psi_{a}|)$ GENROU 5
   208,           XaqI1q GENROU 1,             $X_{aq}I_{1q}$ GENROU 1
   209,           XaqI1q GENROU 2,             $X_{aq}I_{1q}$ GENROU 2
   210,           XaqI1q GENROU 3,             $X_{aq}I_{1q}$ GENROU 3
   211,           XaqI1q GENROU 4,             $X_{aq}I_{1q}$ GENROU 4
   212,           XaqI1q GENROU 5,             $X_{aq}I_{1q}$ GENROU 5
   213,              paux TGOV1 1,                   $P_{aux}$ TGOV1 1
   214,              paux TGOV1 2,                   $P_{aux}$ TGOV1 2
   215,              paux TGOV1 3,                   $P_{aux}$ TGOV1 3
   216,              pout TGOV1 1,                   $P_{out}$ TGOV1 1
   217,              pout TGOV1 2,                   $P_{out}$ TGOV1 2
   218,              pout TGOV1 3,                   $P_{out}$ TGOV1 3
   219,              wref TGOV1 1,              $\omega_{ref}$ TGOV1 1
   220,              wref TGOV1 2,              $\omega_{ref}$ TGOV1 2
   221,              wref TGOV1 3,              $\omega_{ref}$ TGOV1 3
   222,              pref TGOV1 1,                   $P_{ref}$ TGOV1 1
   223,              pref TGOV1 2,                   $P_{ref}$ TGOV1 2
   224,              pref TGOV1 3,                   $P_{ref}$ TGOV1 3
   225,                wd TGOV1 1,              $\omega_{dev}$ TGOV1 1
   226,                wd TGOV1 2,              $\omega_{dev}$ TGOV1 2
   227,                wd TGOV1 3,              $\omega_{dev}$ TGOV1 3
   228,                pd TGOV1 1,                       $P_d$ TGOV1 1
   229,                pd TGOV1 2,                       $P_d$ TGOV1 2
   230,                pd TGOV1 3,                       $P_d$ TGOV1 3
   231,              LL_y TGOV1 1,                    $y_{LL}$ TGOV1 1
   232,              LL_y TGOV1 2,                    $y_{LL}$ TGOV1 2
   233,              LL_y TGOV1 3,                    $y_{LL}$ TGOV1 3
   234,             paux IEEEG1 4,                  $P_{aux}$ IEEEG1 4
   235,             paux IEEEG1 5,                  $P_{aux}$ IEEEG1 5
   236,             pout IEEEG1 4,                  $P_{out}$ IEEEG1 4
   237,             pout IEEEG1 5,                  $P_{out}$ IEEEG1 5
   238,             wref IEEEG1 4,             $\omega_{ref}$ IEEEG1 4
   239,             wref IEEEG1 5,             $\omega_{ref}$ IEEEG1 5
   240,               wd IEEEG1 4,             $\omega_{dev}$ IEEEG1 4
   241,               wd IEEEG1 5,             $\omega_{dev}$ IEEEG1 5
   242,             LL_y IEEEG1 4,                   $y_{LL}$ IEEEG1 4
   243,             LL_y IEEEG1 5,                   $y_{LL}$ IEEEG1 5
   244,               vs IEEEG1 4,                      $V_s$ IEEEG1 4
   245,               vs IEEEG1 5,                      $V_s$ IEEEG1 5
   246,              vsl IEEEG1 4,                   $V_{sl}$ IEEEG1 4
   247,              vsl IEEEG1 5,                   $V_{sl}$ IEEEG1 5
   248,              PHP IEEEG1 4,                   $P_{HP}$ IEEEG1 4
   249,              PHP IEEEG1 5,                   $P_{HP}$ IEEEG1 5
   250,              PLP IEEEG1 4,                   $P_{LP}$ IEEEG1 4
   251,              PLP IEEEG1 5,                   $P_{LP}$ IEEEG1 5
   252,                 v EXST1 1,                  $E_{term}$ EXST1 1
   253,              vout EXST1 1,                   $v_{out}$ EXST1 1
   254,              vref EXST1 1,                   $V_{ref}$ EXST1 1
   255,                vi EXST1 1,                       $V_i$ EXST1 1
   256,                vl EXST1 1,                       $V_l$ EXST1 1
   257,              LL_y EXST1 1,                    $y_{LL}$ EXST1 1
   258,              WF_y EXST1 1,                    $y_{WF}$ EXST1 1
   259,             vfmax EXST1 1,                  $V_{fmax}$ EXST1 1
   260,             vfmin EXST1 1,                  $V_{fmin}$ EXST1 1
   261,                v ESST3A 2,                 $E_{term}$ ESST3A 2
   262,                v ESST3A 3,                 $E_{term}$ ESST3A 3
   263,                v ESST3A 4,                 $E_{term}$ ESST3A 4
   264,                v ESST3A 5,                 $E_{term}$ ESST3A 5
   265,             vout ESST3A 2,                  $v_{out}$ ESST3A 2
   266,             vout ESST3A 3,                  $v_{out}$ ESST3A 3
   267,             vout ESST3A 4,                  $v_{out}$ ESST3A 4
   268,             vout ESST3A 5,                  $v_{out}$ ESST3A 5
   269,              UEL ESST3A 2,                   $U_{EL}$ ESST3A 2
   270,              UEL ESST3A 3,                   $U_{EL}$ ESST3A 3
   271,              UEL ESST3A 4,                   $U_{EL}$ ESST3A 4
   272,              UEL ESST3A 5,                   $U_{EL}$ ESST3A 5
   273,               IN ESST3A 2,                      $I_N$ ESST3A 2
   274,               IN ESST3A 3,                      $I_N$ ESST3A 3
   275,               IN ESST3A 4,                      $I_N$ ESST3A 4
   276,               IN ESST3A 5,                      $I_N$ ESST3A 5
   277,            FEX_y ESST3A 2,                  $y_{FEX}$ ESST3A 2
   278,            FEX_y ESST3A 3,                  $y_{FEX}$ ESST3A 3
   279,            FEX_y ESST3A 4,                  $y_{FEX}$ ESST3A 4
   280,            FEX_y ESST3A 5,                  $y_{FEX}$ ESST3A 5
   281,             VB_x ESST3A 2,                   $x_{VB}$ ESST3A 2
   282,             VB_x ESST3A 3,                   $x_{VB}$ ESST3A 3
   283,             VB_x ESST3A 4,                   $x_{VB}$ ESST3A 4
   284,             VB_x ESST3A 5,                   $x_{VB}$ ESST3A 5
   285,             VB_y ESST3A 2,                   $y_{VB}$ ESST3A 2
   286,             VB_y ESST3A 3,                   $y_{VB}$ ESST3A 3
   287,             VB_y ESST3A 4,                   $y_{VB}$ ESST3A 4
   288,             VB_y ESST3A 5,                   $y_{VB}$ ESST3A 5
   289,             VG_x ESST3A 2,                   $x_{VG}$ ESST3A 2
   290,             VG_x ESST3A 3,                   $x_{VG}$ ESST3A 3
   291,             VG_x ESST3A 4,                   $x_{VG}$ ESST3A 4
   292,             VG_x ESST3A 5,                   $x_{VG}$ ESST3A 5
   293,             VG_y ESST3A 2,                   $y_{VG}$ ESST3A 2
   294,             VG_y ESST3A 3,                   $y_{VG}$ ESST3A 3
   295,             VG_y ESST3A 4,                   $y_{VG}$ ESST3A 4
   296,             VG_y ESST3A 5,                   $y_{VG}$ ESST3A 5
   297,              vrs ESST3A 2,                   $V_{RS}$ ESST3A 2
   298,              vrs ESST3A 3,                   $V_{RS}$ ESST3A 3
   299,              vrs ESST3A 4,                   $V_{RS}$ ESST3A 4
   300,              vrs ESST3A 5,                   $V_{RS}$ ESST3A 5
   301,             vref ESST3A 2,                  $V_{ref}$ ESST3A 2
   302,             vref ESST3A 3,                  $V_{ref}$ ESST3A 3
   303,             vref ESST3A 4,                  $V_{ref}$ ESST3A 4
   304,             vref ESST3A 5,                  $V_{ref}$ ESST3A 5
   305,               vi ESST3A 2,                      $V_i$ ESST3A 2
   306,               vi ESST3A 3,                      $V_i$ ESST3A 3
   307,               vi ESST3A 4,                      $V_i$ ESST3A 4
   308,               vi ESST3A 5,                      $V_i$ ESST3A 5
   309,              vil ESST3A 2,                   $V_{il}$ ESST3A 2
   310,              vil ESST3A 3,                   $V_{il}$ ESST3A 3
   311,              vil ESST3A 4,                   $V_{il}$ ESST3A 4
   312,              vil ESST3A 5,                   $V_{il}$ ESST3A 5
   313,             HG_y ESST3A 2,                   $y_{HG}$ ESST3A 2
   314,             HG_y ESST3A 3,                   $y_{HG}$ ESST3A 3
   315,             HG_y ESST3A 4,                   $y_{HG}$ ESST3A 4
   316,             HG_y ESST3A 5,                   $y_{HG}$ ESST3A 5
   317,             LL_y ESST3A 2,                   $y_{LL}$ ESST3A 2
   318,             LL_y ESST3A 3,                   $y_{LL}$ ESST3A 3
   319,             LL_y ESST3A 4,                   $y_{LL}$ ESST3A 4
   320,             LL_y ESST3A 5,                   $y_{LL}$ ESST3A 5
   321,            vsout IEEEST 1,                 $v_{sout}$ IEEEST 1
   322,              sig IEEEST 1,                   $S_{ig}$ IEEEST 1
   323,             F2_y IEEEST 1,                   $y_{F2}$ IEEEST 1
   324,            LL1_y IEEEST 1,                  $y_{LL1}$ IEEEST 1
   325,            LL2_y IEEEST 1,                  $y_{LL2}$ IEEEST 1
   326,            Vks_y IEEEST 1,                  $y_{Vks}$ IEEEST 1
   327,             WO_y IEEEST 1,                   $y_{WO}$ IEEEST 1
   328,              Vss IEEEST 1,                   $V_{ss}$ IEEEST 1
   329,            vsout ST2CUT 2,                 $v_{sout}$ ST2CUT 2
   330,            vsout ST2CUT 3,                 $v_{sout}$ ST2CUT 3
   331,              sig ST2CUT 2,                   $S_{ig}$ ST2CUT 2
   332,              sig ST2CUT 3,                   $S_{ig}$ ST2CUT 3
   333,             sig2 ST2CUT 2,                  $S_{ig2}$ ST2CUT 2
   334,             sig2 ST2CUT 3,                  $S_{ig2}$ ST2CUT 3
   335,               IN ST2CUT 2,                      $I_N$ ST2CUT 2
   336,               IN ST2CUT 3,                      $I_N$ ST2CUT 3
   337,             WO_y ST2CUT 2,                   $y_{WO}$ ST2CUT 2
   338,             WO_y ST2CUT 3,                   $y_{WO}$ ST2CUT 3
   339,            LL1_y ST2CUT 2,                  $y_{LL1}$ ST2CUT 2
   340,            LL1_y ST2CUT 3,                  $y_{LL1}$ ST2CUT 3
   341,            LL2_y ST2CUT 2,                  $y_{LL2}$ ST2CUT 2
   342,            LL2_y ST2CUT 3,                  $y_{LL2}$ ST2CUT 3
   343,            LL3_y ST2CUT 2,                  $y_{LL3}$ ST2CUT 2
   344,            LL3_y ST2CUT 3,                  $y_{LL3}$ ST2CUT 3
   345,            VSS_x ST2CUT 2,                  $x_{VSS}$ ST2CUT 2
   346,            VSS_x ST2CUT 3,                  $x_{VSS}$ ST2CUT 3
   347,            VSS_y ST2CUT 2,                  $y_{VSS}$ ST2CUT 2
   348,            VSS_y ST2CUT 3,                  $y_{VSS}$ ST2CUT 3
   349,            WO_y BusFreq 1,                  $y_{WO}$ BusFreq 1
   350,            WO_y BusFreq 2,                  $y_{WO}$ BusFreq 2
   351,            WO_y BusFreq 3,                  $y_{WO}$ BusFreq 3
   352,               f BusFreq 1,                       $f$ BusFreq 1
   353,               f BusFreq 2,                       $f$ BusFreq 2
   354,               f BusFreq 3,                       $f$ BusFreq 3
